extenddb 0.1.6 (catalog 0.0.3) starting on 127.0.0.1:28444
  storage: sqlite (/local/home/asomasun/github/extenddb-worktrees/extenddb-groundwork/.gw-instance/extenddb.sqlite)
[2m2026-08-20T00:27:51.794504Z[0m [32m INFO[0m [2mextenddb_server::serve[0m[2m:[0m extenddb 0.1.6 (catalog 0.0.3) starting — bind=127.0.0.1:28444, region=us-east-1, auth=builtin, catalog_db=/local/home/asomasun/github/extenddb-worktrees/extenddb-groundwork/.gw-instance/extenddb.sqlite, data_db=storage=sqlite (single-file), log_output=stderr, log_level=info
[2m2026-08-20T00:27:51.794555Z[0m [33m WARN[0m [2mextenddb_server::serve[0m[2m:[0m Import and export are configured with the same root (/tmp); files remain namespaced per account, but consider separate directories.
[2m2026-08-20T00:27:51.794561Z[0m [32m INFO[0m [2mextenddb_server::serve[0m[2m:[0m Import enabled, path: /tmp
[2m2026-08-20T00:27:51.794564Z[0m [32m INFO[0m [2mextenddb_server::serve[0m[2m:[0m Export enabled, path: /tmp
[2m2026-08-20T00:27:51.795250Z[0m [32m INFO[0m [2mextenddb_server[0m[2m:[0m extenddb listening on 127.0.0.1:28444 (HTTPS)
[2m2026-08-20T00:28:21.796537Z[0m [33m WARN[0m [2mextenddb_server::workers[0m[2m:[0m Throttling enabled (from settings table)
[2m2026-08-20T00:28:56.805391Z[0m [32m INFO[0m [2mextenddb_storage_sqlite::workers[0m[2m:[0m Table 'AuthTest_1787185735760': CREATING → active
[2m2026-08-20T00:28:58.807597Z[0m [32m INFO[0m [2mextenddb_storage_sqlite::workers[0m[2m:[0m Table 'AuthPutGet_1787185737773': CREATING → active
[2m2026-08-20T00:29:00.810291Z[0m [32m INFO[0m [2mextenddb_storage_sqlite::workers[0m[2m:[0m Table 'BackupScopeIds_1787185739789': CREATING → active
[2m2026-08-20T00:29:02.813534Z[0m [32m INFO[0m [2mextenddb_storage_sqlite::workers[0m[2m:[0m Table 'BackupScopeDel_1787185741807': CREATING → active
[2m2026-08-20T00:29:03.814658Z[0m [32m INFO[0m [2mextenddb_storage_sqlite::workers[0m[2m:[0m Table 'BackupScopeOwn_1787185742820': CREATING → active
[2m2026-08-20T00:29:04.816607Z[0m [32m INFO[0m [2mextenddb_storage_sqlite::workers[0m[2m:[0m Table 'BackupScopeMiss_1787185743829': CREATING → active
[2m2026-08-20T00:29:05.818250Z[0m [32m INFO[0m [2mextenddb_storage_sqlite::workers[0m[2m:[0m Table 'BackupTest_1787185744841': CREATING → active
[2m2026-08-20T00:29:06.819309Z[0m [32m INFO[0m [2mextenddb_storage_sqlite::workers[0m[2m:[0m Table 'DelBackup_1787185745854': CREATING → active
[2m2026-08-20T00:29:07.821066Z[0m [32m INFO[0m [2mextenddb_storage_sqlite::workers[0m[2m:[0m Table 'DescBackup_1787185746863': CREATING → active
[2m2026-08-20T00:29:08.823072Z[0m [32m INFO[0m [2mextenddb_storage_sqlite::workers[0m[2m:[0m Table 'ContBackup_1787185747874': CREATING → active
[2m2026-08-20T00:29:09.824487Z[0m [32m INFO[0m [2mextenddb_storage_sqlite::workers[0m[2m:[0m Table 'PITREnable_1787185748883': CREATING → active
[2m2026-08-20T00:29:10.826415Z[0m [32m INFO[0m [2mextenddb_storage_sqlite::workers[0m[2m:[0m Table 'ListBackup_1787185749893': CREATING → active
[2m2026-08-20T00:29:11.827543Z[0m [32m INFO[0m [2mextenddb_storage_sqlite::workers[0m[2m:[0m Table 'EmptyBackup_1787185750905': CREATING → active
[2m2026-08-20T00:29:12.828930Z[0m [32m INFO[0m [2mextenddb_storage_sqlite::workers[0m[2m:[0m Table 'RestoreBackup_1787185751915': CREATING → active
[2m2026-08-20T00:29:13.830538Z[0m [32m INFO[0m [2mextenddb_storage_sqlite::workers[0m[2m:[0m Table 'PITRRestore_1787185752932': CREATING → active
[2m2026-08-20T00:29:14.831264Z[0m [32m INFO[0m [2mextenddb_storage_sqlite::workers[0m[2m:[0m Table 'SimpleKeyString_1787185753941_0': CREATING → active
[2m2026-08-20T00:29:15.833100Z[0m [32m INFO[0m [2mextenddb_storage_sqlite::workers[0m[2m:[0m Table 'CompKeyStringNumber_1787185753941_0': CREATING → active
[2m2026-08-20T00:29:16.836163Z[0m [32m INFO[0m [2mextenddb_storage_sqlite::workers[0m[2m:[0m Table 'CompKeyBlobNumber_1787185753941_0': CREATING → active
[2m2026-08-20T00:29:17.837932Z[0m [32m INFO[0m [2mextenddb_storage_sqlite::workers[0m[2m:[0m Table 'CompKeyNumberString_1787185753941_0': CREATING → active
[2m2026-08-20T00:29:18.840096Z[0m [32m INFO[0m [2mextenddb_storage_sqlite::workers[0m[2m:[0m Table 'SimpleKeyStringGSI_1787185753941_0': CREATING → active
[2m2026-08-20T00:29:19.841994Z[0m [32m INFO[0m [2mextenddb_storage_sqlite::workers[0m[2m:[0m Table 'CompKeyStringStringGSI_1787185753941_0': CREATING → active
[2m2026-08-20T00:29:20.843787Z[0m [32m INFO[0m [2mextenddb_storage_sqlite::workers[0m[2m:[0m Table 'BtaAllowed_1787185759997': CREATING → active
[2m2026-08-20T00:29:21.845544Z[0m [32m INFO[0m [2mextenddb_storage_sqlite::workers[0m[2m:[0m Table 'BtaSecret_1787185759997': CREATING → active
[2m2026-08-20T00:29:22.847711Z[0m [33m WARN[0m [2mextenddb_server::authorization[0m[2m:[0m Authorization denied [3mprincipal[0m[2m=[0m"arn:aws:iam::123456789012:user/bta-1787185762012" [3maction[0m[2m=[0m"dynamodb:BatchGetItem" [3mresource[0m[2m=[0m"arn:aws:dynamodb:us-east-1:123456789012:table/BtaSecret_1787185759997"
[2m2026-08-20T00:29:23.849038Z[0m [32m INFO[0m [2mextenddb_storage_sqlite::workers[0m[2m:[0m Table 'BtaAllowed_1787185762892': CREATING → active
[2m2026-08-20T00:29:24.851183Z[0m [32m INFO[0m [2mextenddb_storage_sqlite::workers[0m[2m:[0m Table 'BtaSecret_1787185762892': CREATING → active
[2m2026-08-20T00:29:25.737371Z[0m [33m WARN[0m [2mextenddb_server::authorization[0m[2m:[0m Authorization denied [3mprincipal[0m[2m=[0m"arn:aws:iam::123456789012:user/bta-1787185764907" [3maction[0m[2m=[0m"dynamodb:BatchWriteItem" [3mresource[0m[2m=[0m"arn:aws:dynamodb:us-east-1:123456789012:table/BtaSecret_1787185762892"
[2m2026-08-20T00:29:25.853108Z[0m [32m INFO[0m [2mextenddb_storage_sqlite::workers[0m[2m:[0m Table 'BtaAllowed_1787185765737': CREATING → active
[2m2026-08-20T00:29:26.855045Z[0m [32m INFO[0m [2mextenddb_storage_sqlite::workers[0m[2m:[0m Table 'BtaSecret_1787185765737': CREATING → active
[2m2026-08-20T00:29:28.858801Z[0m [32m INFO[0m [2mextenddb_storage_sqlite::workers[0m[2m:[0m Table 'BtaAllowed_1787185768591': CREATING → active
[2m2026-08-20T00:29:29.861172Z[0m [32m INFO[0m [2mextenddb_storage_sqlite::workers[0m[2m:[0m Table 'BtaSecret_1787185768591': CREATING → active
[2m2026-08-20T00:29:31.437007Z[0m [33m WARN[0m [2mextenddb_server::authorization[0m[2m:[0m Authorization denied [3mprincipal[0m[2m=[0m"arn:aws:iam::123456789012:user/bta-1787185770606" [3maction[0m[2m=[0m"dynamodb:ConditionCheckItem" [3mresource[0m[2m=[0m"arn:aws:dynamodb:us-east-1:123456789012:table/BtaSecret_1787185768591"
[2m2026-08-20T00:29:31.864948Z[0m [32m INFO[0m [2mextenddb_storage_sqlite::workers[0m[2m:[0m Table 'BtaAllowed_1787185771481': CREATING → active
[2m2026-08-20T00:29:32.866661Z[0m [32m INFO[0m [2mextenddb_storage_sqlite::workers[0m[2m:[0m Table 'BtaSecret_1787185771481': CREATING → active
[2m2026-08-20T00:29:34.334251Z[0m [33m WARN[0m [2mextenddb_server::authorization[0m[2m:[0m Authorization denied [3mprincipal[0m[2m=[0m"arn:aws:iam::123456789012:user/bta-1787185773499" [3maction[0m[2m=[0m"dynamodb:GetItem" [3mresource[0m[2m=[0m"arn:aws:dynamodb:us-east-1:123456789012:table/BtaSecret_1787185771481"
[2m2026-08-20T00:29:34.871037Z[0m [32m INFO[0m [2mextenddb_storage_sqlite::workers[0m[2m:[0m Table 'BtaAllowed_1787185774381': CREATING → active
[2m2026-08-20T00:29:35.872311Z[0m [32m INFO[0m [2mextenddb_storage_sqlite::workers[0m[2m:[0m Table 'BtaSecret_1787185774381': CREATING → active
[2m2026-08-20T00:29:37.874339Z[0m [32m INFO[0m [2mextenddb_storage_sqlite::workers[0m[2m:[0m Table 'BtaAllowed_1787185777226': CREATING → active
[2m2026-08-20T00:29:38.875623Z[0m [32m INFO[0m [2mextenddb_storage_sqlite::workers[0m[2m:[0m Table 'BtaSecret_1787185777226': CREATING → active
[2m2026-08-20T00:29:40.081216Z[0m [33m WARN[0m [2mextenddb_server::authorization[0m[2m:[0m Authorization denied [3mprincipal[0m[2m=[0m"arn:aws:iam::123456789012:user/bta-1787185779244" [3maction[0m[2m=[0m"dynamodb:PutItem" [3mresource[0m[2m=[0m"arn:aws:dynamodb:us-east-1:123456789012:table/BtaSecret_1787185777226"
[2m2026-08-20T00:29:40.879359Z[0m [32m INFO[0m [2mextenddb_storage_sqlite::workers[0m[2m:[0m Table 'BtaAllowed_1787185780081': CREATING → active
[2m2026-08-20T00:29:41.880824Z[0m [32m INFO[0m [2mextenddb_storage_sqlite::workers[0m[2m:[0m Table 'BtaSecret_1787185780081': CREATING → active
[2m2026-08-20T00:29:43.883464Z[0m [32m INFO[0m [2mextenddb_storage_sqlite::workers[0m[2m:[0m Table 'BtaAllowed_1787185782933': CREATING → active
[2m2026-08-20T00:29:44.884227Z[0m [32m INFO[0m [2mextenddb_storage_sqlite::workers[0m[2m:[0m Table 'BtaSecret_1787185782933': CREATING → active
[2m2026-08-20T00:29:45.786736Z[0m [33m WARN[0m [2mextenddb_server::authorization[0m[2m:[0m Authorization denied [3mprincipal[0m[2m=[0m"arn:aws:iam::123456789012:user/bta-1787185784951" [3maction[0m[2m=[0m"dynamodb:GetItem" [3mresource[0m[2m=[0m"arn:aws:dynamodb:us-east-1:123456789012:table/BtaSecret_1787185782933"
[2m2026-08-20T00:29:45.885187Z[0m [32m INFO[0m [2mextenddb_storage_sqlite::workers[0m[2m:[0m Table 'BtaAllowed_1787185785787': CREATING → active
[2m2026-08-20T00:29:46.887917Z[0m [32m INFO[0m [2mextenddb_storage_sqlite::workers[0m[2m:[0m Table 'BtaSecret_1787185785787': CREATING → active
[2m2026-08-20T00:29:48.630898Z[0m [33m WARN[0m [2mextenddb_server::authorization[0m[2m:[0m Authorization denied [3mprincipal[0m[2m=[0m"arn:aws:iam::123456789012:user/bta-1787185787803" [3maction[0m[2m=[0m"dynamodb:PutItem" [3mresource[0m[2m=[0m"arn:aws:dynamodb:us-east-1:123456789012:table/BtaSecret_1787185785787"
[2m2026-08-20T00:29:48.891491Z[0m [32m INFO[0m [2mextenddb_storage_sqlite::workers[0m[2m:[0m Table 'BinSkBeginsFf_1787185788693': CREATING → active
[2m2026-08-20T00:29:49.892768Z[0m [32m INFO[0m [2mextenddb_storage_sqlite::workers[0m[2m:[0m Table 'BinSkBeginsEmpty_1787185789705': CREATING → active
[2m2026-08-20T00:29:50.894354Z[0m [32m INFO[0m [2mextenddb_storage_sqlite::workers[0m[2m:[0m Table 'BinSkBeginsWith_1787185790717': CREATING → active
[2m2026-08-20T00:29:51.895141Z[0m [32m INFO[0m [2mextenddb_storage_sqlite::workers[0m[2m:[0m Table 'BinSkBetween_1787185791729': CREATING → active
[2m2026-08-20T00:29:52.896591Z[0m [32m INFO[0m [2mextenddb_storage_sqlite::workers[0m[2m:[0m Table 'BinSkOrder_1787185792753': CREATING → active
[2m2026-08-20T00:29:53.898701Z[0m [32m INFO[0m [2mextenddb_storage_sqlite::workers[0m[2m:[0m Table 'CapGet_1787185793767': CREATING → active
[2m2026-08-20T00:29:54.900933Z[0m [32m INFO[0m [2mextenddb_storage_sqlite::workers[0m[2m:[0m Table 'CapNone_1787185794780': CREATING → active
[2m2026-08-20T00:29:55.902983Z[0m [32m INFO[0m [2mextenddb_storage_sqlite::workers[0m[2m:[0m Table 'ThrottlePartW_1787185795791': CREATING → active
[2m2026-08-20T00:31:06.918490Z[0m [32m INFO[0m [2mextenddb_storage_sqlite::workers[0m[2m:[0m Table 'ThrottleProvR_1787185866454': CREATING → active
[2m2026-08-20T00:31:24.053966Z[0m [32m INFO[0m [2mextenddb_storage_sqlite::workers[0m[2m:[0m Table 'ThrottleProvW_1787185883033': CREATING → active
[2m2026-08-20T00:31:27.057375Z[0m [32m INFO[0m [2mextenddb_storage_sqlite::workers[0m[2m:[0m Table 'CapPut_1787185886872': CREATING → active
[2m2026-08-20T00:31:28.058830Z[0m [32m INFO[0m [2mextenddb_storage_sqlite::workers[0m[2m:[0m Table 'CapScan_1787185887885': CREATING → active
[2m2026-08-20T00:31:30.063279Z[0m [32m INFO[0m [2mextenddb_storage_sqlite::workers[0m[2m:[0m Table 'SameAttrChain_1787185889021': CREATING → active
[2m2026-08-20T00:31:31.067986Z[0m [32m INFO[0m [2mextenddb_storage_sqlite::workers[0m[2m:[0m Table 'ConcurrentUpsert_1787185890331': CREATING → active
[2m2026-08-20T00:31:32.071087Z[0m [32m INFO[0m [2mextenddb_storage_sqlite::workers[0m[2m:[0m Table 'ConcurrentCondUpsert_1787185891592': CREATING → active
[2m2026-08-20T00:31:33.073713Z[0m [32m INFO[0m [2mextenddb_storage_sqlite::workers[0m[2m:[0m Table 'ConcurrencyRegression_1787185892701': CREATING → active
[2m2026-08-20T00:31:36.081515Z[0m [32m INFO[0m [2mextenddb_storage_sqlite::workers[0m[2m:[0m Table 'test_dtype_1787185895171': CREATING → active
[2m2026-08-20T00:31:37.083835Z[0m [32m INFO[0m [2mextenddb_storage_sqlite::workers[0m[2m:[0m Table 'test_dtype_1787185896180': CREATING → active
[2m2026-08-20T00:31:38.086909Z[0m [32m INFO[0m [2mextenddb_storage_sqlite::workers[0m[2m:[0m Table 'test_dtype_1787185897191': CREATING → active
[2m2026-08-20T00:31:39.090084Z[0m [32m INFO[0m [2mextenddb_storage_sqlite::workers[0m[2m:[0m Table 'test_dtype_1787185898200': CREATING → active
[2m2026-08-20T00:31:40.093092Z[0m [32m INFO[0m [2mextenddb_storage_sqlite::workers[0m[2m:[0m Table 'test_dtype_1787185899213': CREATING → active
[2m2026-08-20T00:31:41.095591Z[0m [32m INFO[0m [2mextenddb_storage_sqlite::workers[0m[2m:[0m Table 'test_dtype_1787185900222': CREATING → active
[2m2026-08-20T00:31:42.099966Z[0m [32m INFO[0m [2mextenddb_storage_sqlite::workers[0m[2m:[0m Table 'test_dtype_1787185901231': CREATING → active
[2m2026-08-20T00:31:43.102308Z[0m [32m INFO[0m [2mextenddb_storage_sqlite::workers[0m[2m:[0m Table 'test_dtype_1787185902244': CREATING → active
[2m2026-08-20T00:31:44.105231Z[0m [32m INFO[0m [2mextenddb_storage_sqlite::workers[0m[2m:[0m Table 'test_dtype_1787185903253': CREATING → active
[2m2026-08-20T00:31:45.108126Z[0m [32m INFO[0m [2mextenddb_storage_sqlite::workers[0m[2m:[0m Table 'test_dtype_1787185904266': CREATING → active
[2m2026-08-20T00:31:46.110603Z[0m [32m INFO[0m [2mextenddb_storage_sqlite::workers[0m[2m:[0m Table 'test_dtype_1787185905275': CREATING → active
[2m2026-08-20T00:31:47.113275Z[0m [32m INFO[0m [2mextenddb_storage_sqlite::workers[0m[2m:[0m Table 'test_dtype_1787185906285': CREATING → active
[2m2026-08-20T00:31:48.117293Z[0m [32m INFO[0m [2mextenddb_storage_sqlite::workers[0m[2m:[0m Table 'test_dtype_1787185907294': CREATING → active
[2m2026-08-20T00:31:49.119979Z[0m [32m INFO[0m [2mextenddb_storage_sqlite::workers[0m[2m:[0m Table 'test_empty_1787185908341': CREATING → active
[2m2026-08-20T00:31:50.122500Z[0m [32m INFO[0m [2mextenddb_storage_sqlite::workers[0m[2m:[0m Table 'test_empty_1787185909353': CREATING → active
[2m2026-08-20T00:31:51.124402Z[0m [32m INFO[0m [2mextenddb_storage_sqlite::workers[0m[2m:[0m Table 'test_empty_1787185910363': CREATING → active
[2m2026-08-20T00:31:52.126834Z[0m [32m INFO[0m [2mextenddb_storage_sqlite::workers[0m[2m:[0m Table 'test_empty_1787185911373': CREATING → active
[2m2026-08-20T00:31:53.130109Z[0m [32m INFO[0m [2mextenddb_storage_sqlite::workers[0m[2m:[0m Table 'test_empty_1787185912382': CREATING → active
[2m2026-08-20T00:31:54.134389Z[0m [32m INFO[0m [2mextenddb_storage_sqlite::workers[0m[2m:[0m Table 'test_empty_1787185913391': CREATING → active
[2m2026-08-20T00:31:55.136432Z[0m [32m INFO[0m [2mextenddb_storage_sqlite::workers[0m[2m:[0m Table 'test_empty_1787185914403': CREATING → active
[2m2026-08-20T00:31:56.139157Z[0m [32m INFO[0m [2mextenddb_storage_sqlite::workers[0m[2m:[0m Table 'test_empty_1787185915413': CREATING → active
[2m2026-08-20T00:31:57.142017Z[0m [32m INFO[0m [2mextenddb_storage_sqlite::workers[0m[2m:[0m Table 'test_empty_1787185916422': CREATING → active
[2m2026-08-20T00:31:58.144471Z[0m [32m INFO[0m [2mextenddb_storage_sqlite::workers[0m[2m:[0m Table 'test_empty_1787185917434': CREATING → active
[2m2026-08-20T00:31:59.146707Z[0m [32m INFO[0m [2mextenddb_storage_sqlite::workers[0m[2m:[0m Table 'test_empty_1787185918444': CREATING → active
[2m2026-08-20T00:32:00.151469Z[0m [32m INFO[0m [2mextenddb_storage_sqlite::workers[0m[2m:[0m Table 'test_err_1787185919458': CREATING → active
[2m2026-08-20T00:32:01.153921Z[0m [32m INFO[0m [2mextenddb_storage_sqlite::workers[0m[2m:[0m Table 'test_err_comp_1787185920474': CREATING → active
[2m2026-08-20T00:32:02.157203Z[0m [32m INFO[0m [2mextenddb_storage_sqlite::workers[0m[2m:[0m Table 'test_err_1787185921486': CREATING → active
[2m2026-08-20T00:32:17.633562Z[0m [32m INFO[0m [2mextenddb_storage_sqlite::workers[0m[2m:[0m Table 'GsiInclude_1787185936623': CREATING → active
[2m2026-08-20T00:32:20.639121Z[0m [32m INFO[0m [2mextenddb_storage_sqlite::workers[0m[2m:[0m Table 'GsiKeysOnly_1787185939641': CREATING → active
[2m2026-08-20T00:32:23.646106Z[0m [32m INFO[0m [2mextenddb_storage_sqlite::workers[0m[2m:[0m Table 'HashOnlyGsiPage_1787185942659': CREATING → active
[2m2026-08-20T00:32:28.654657Z[0m [32m INFO[0m [2mextenddb_storage_sqlite::workers[0m[2m:[0m Table 'GsiHashOnly1787185947695': CREATING → active
[2m2026-08-20T00:32:29.659250Z[0m [32m INFO[0m [2mextenddb_storage_sqlite::workers[0m[2m:[0m Table 'Gsi259_query_1787185948712': CREATING → active
[2m2026-08-20T00:32:30.661659Z[0m [32m INFO[0m [2mextenddb_storage_sqlite::workers[0m[2m:[0m Table 'Gsi259_merge_1787185949737': CREATING → active
[2m2026-08-20T00:32:31.665074Z[0m [32m INFO[0m [2mextenddb_storage_sqlite::workers[0m[2m:[0m Table 'Gsi259_get_1787185950758': CREATING → active
[2m2026-08-20T00:32:32.667873Z[0m [32m INFO[0m [2mextenddb_storage_sqlite::workers[0m[2m:[0m Table 'Gsi259N_1787185951781': CREATING → active
[2m2026-08-20T00:32:33.671117Z[0m [32m INFO[0m [2mextenddb_storage_sqlite::workers[0m[2m:[0m Table 'GSIHashNoDup_1787185952813': CREATING → active
[2m2026-08-20T00:32:34.673784Z[0m [32m INFO[0m [2mextenddb_storage_sqlite::workers[0m[2m:[0m Table 'GSIHashP2_1787185953831': CREATING → active
[2m2026-08-20T00:32:35.677589Z[0m [32m INFO[0m [2mextenddb_storage_sqlite::workers[0m[2m:[0m Table 'GSIHashPag_1787185954848': CREATING → active
[2m2026-08-20T00:32:36.680998Z[0m [32m INFO[0m [2mextenddb_storage_sqlite::workers[0m[2m:[0m Table 'LSILek_1787185955866': CREATING → active
[2m2026-08-20T00:32:37.684360Z[0m [32m INFO[0m [2mextenddb_storage_sqlite::workers[0m[2m:[0m Table 'LSIPagTwo_1787185956880': CREATING → active
[2m2026-08-20T00:32:38.687196Z[0m [32m INFO[0m [2mextenddb_storage_sqlite::workers[0m[2m:[0m Table 'LSIPagination_1787185957914': CREATING → active
[2m2026-08-20T00:32:39.690606Z[0m [32m INFO[0m [2mextenddb_storage_sqlite::workers[0m[2m:[0m Table 'LSIPagRev_1787185958929': CREATING → active
[2m2026-08-20T00:32:40.693787Z[0m [32m INFO[0m [2mextenddb_storage_sqlite::workers[0m[2m:[0m Table 'CreatingInflux_1787185959959_0': CREATING → active
[2m2026-08-20T00:32:43.702437Z[0m [32m INFO[0m [2mextenddb_storage_sqlite::workers[0m[2m:[0m Table 'ScanCount_1787185963078': CREATING → active
[2m2026-08-20T00:32:44.705082Z[0m [32m INFO[0m [2mextenddb_storage_sqlite::workers[0m[2m:[0m Table 'RestoreRaceSrc_1787185964401': CREATING → active
[2m2026-08-20T00:33:41.000624Z[0m [32m INFO[0m [2mextenddb_storage_sqlite::workers[0m[2m:[0m Table 'ScanAll_1787186019985': CREATING → active
[2m2026-08-20T00:33:42.004214Z[0m [32m INFO[0m [2mextenddb_storage_sqlite::workers[0m[2m:[0m Table 'ScanCR_1787186021011': CREATING → active
[2m2026-08-20T00:33:43.006661Z[0m [32m INFO[0m [2mextenddb_storage_sqlite::workers[0m[2m:[0m Table 'ScanEmpty_1787186022025': CREATING → active
[2m2026-08-20T00:33:44.009839Z[0m [32m INFO[0m [2mextenddb_storage_sqlite::workers[0m[2m:[0m Table 'ScanBinContains_1787186023036': CREATING → active
[2m2026-08-20T00:33:45.013132Z[0m [32m INFO[0m [2mextenddb_storage_sqlite::workers[0m[2m:[0m Table 'ScanPag_1787186024051': CREATING → active
[2m2026-08-20T00:33:46.016134Z[0m [32m INFO[0m [2mextenddb_storage_sqlite::workers[0m[2m:[0m Table 'ScanEAN_1787186025072': CREATING → active
[2m2026-08-20T00:33:47.020960Z[0m [32m INFO[0m [2mextenddb_storage_sqlite::workers[0m[2m:[0m Table 'ScanFilt_1787186026087': CREATING → active
[2m2026-08-20T00:33:48.024570Z[0m [32m INFO[0m [2mextenddb_storage_sqlite::workers[0m[2m:[0m Table 'ScanLim_1787186027105': CREATING → active
[2m2026-08-20T00:33:49.028390Z[0m [32m INFO[0m [2mextenddb_storage_sqlite::workers[0m[2m:[0m Table 'ScanMulti_1787186028124': CREATING → active
[2m2026-08-20T00:33:50.031528Z[0m [32m INFO[0m [2mextenddb_storage_sqlite::workers[0m[2m:[0m Table 'ScanNum_1787186029150': CREATING → active
[2m2026-08-20T00:33:51.034745Z[0m [32m INFO[0m [2mextenddb_storage_sqlite::workers[0m[2m:[0m Table 'ScanProj_1787186030179': CREATING → active
[2m2026-08-20T00:33:52.036409Z[0m [32m INFO[0m [2mextenddb_storage_sqlite::workers[0m[2m:[0m Table 'test_create_hr_1787186031201': CREATING → active
[2m2026-08-20T00:33:53.119044Z[0m [32m INFO[0m [2mextenddb_storage_sqlite::workers[0m[2m:[0m Table 'test_create_hash_1787186032213': CREATING → active
[2m2026-08-20T00:33:54.122171Z[0m [32m INFO[0m [2mextenddb_storage_sqlite::workers[0m[2m:[0m Table 'test_keytype_s_1787186033229': CREATING → active
[2m2026-08-20T00:33:54.123297Z[0m [32m INFO[0m [2mextenddb_storage_sqlite::workers[0m[2m:[0m Table 'test_keytype_n_1787186033234': CREATING → active
[2m2026-08-20T00:33:54.123303Z[0m [32m INFO[0m [2mextenddb_storage_sqlite::workers[0m[2m:[0m Table 'test_keytype_b_1787186033238': CREATING → active
[2m2026-08-20T00:33:55.126469Z[0m [32m INFO[0m [2mextenddb_storage_sqlite::workers[0m[2m:[0m Table 'test_create_gsi_1787186034270': CREATING → active
[2m2026-08-20T00:33:56.129884Z[0m [32m INFO[0m [2mextenddb_storage_sqlite::workers[0m[2m:[0m Table 'aaaaaaaaaaaaaaaaaaaaaaaaaaaaaaaaaaaaaaaaaaaaaaaaaaaaaaaaaaaaaaaaaaaaaaaaaaaaaaaaaaaaaaaaaaaaaaaaaaaaaaaaaaaaaaaaaaaaaaaaaaaaaaaaaaaaaaaaaaaaaaaaaaaaaaaaaaaaaaaaaaaaaaaaaaaaaaaaaaaaaaaaaaaaaaaaaaaaaaaaaaaaaaaaaaaaaaaaaaaaaaaaaaaaaaaaaaaaaaaaaaaaaaaaaaaaaaa': CREATING → active
[2m2026-08-20T00:33:57.133529Z[0m [32m INFO[0m [2mextenddb_storage_sqlite::workers[0m[2m:[0m Table 'test_gsi_keys_1787186036330': CREATING → active
[2m2026-08-20T00:33:58.139590Z[0m [32m INFO[0m [2mextenddb_storage_sqlite::workers[0m[2m:[0m Table 'test_provisioned_1787186037342': CREATING → active
[2m2026-08-20T00:33:59.143568Z[0m [32m INFO[0m [2mextenddb_storage_sqlite::workers[0m[2m:[0m Table 'test_delete_1787186038357': CREATING → active
[2m2026-08-20T00:34:00.148049Z[0m [32m INFO[0m [2mextenddb_storage_sqlite::workers[0m[2m:[0m Table 'test_delete_twice_1787186039380': CREATING → active
[2m2026-08-20T00:34:01.151692Z[0m [32m INFO[0m [2mextenddb_storage_sqlite::workers[0m[2m:[0m Table 'test_tag_1787186040405': CREATING → active
[2m2026-08-20T00:34:02.155663Z[0m [32m INFO[0m [2mextenddb_storage_sqlite::workers[0m[2m:[0m Table 'test_tag_1787186041423': CREATING → active
[2m2026-08-20T00:34:03.158776Z[0m [32m INFO[0m [2mextenddb_storage_sqlite::workers[0m[2m:[0m Table 'test_tag_1787186042438': CREATING → active
[2m2026-08-20T00:34:04.164467Z[0m [32m INFO[0m [2mextenddb_storage_sqlite::workers[0m[2m:[0m Table 'test_tag_1787186043453': CREATING → active
[2m2026-08-20T00:34:05.167140Z[0m [32m INFO[0m [2mextenddb_storage_sqlite::workers[0m[2m:[0m Table 'test_tag_1787186044468': CREATING → active
[2m2026-08-20T00:34:06.170230Z[0m [32m INFO[0m [2mextenddb_storage_sqlite::workers[0m[2m:[0m Table 'test_tag_1787186045489': CREATING → active
[2m2026-08-20T00:34:07.172935Z[0m [32m INFO[0m [2mextenddb_storage_sqlite::workers[0m[2m:[0m Table 'test_tag_1787186046501': CREATING → active
[2m2026-08-20T00:34:08.177081Z[0m [32m INFO[0m [2mextenddb_storage_sqlite::workers[0m[2m:[0m Table 'test_tag_1787186047515': CREATING → active
[2m2026-08-20T00:34:09.180271Z[0m [32m INFO[0m [2mextenddb_storage_sqlite::workers[0m[2m:[0m Table 'test_tag_1787186048584': CREATING → active
[2m2026-08-20T00:34:10.186909Z[0m [32m INFO[0m [2mextenddb_storage_sqlite::workers[0m[2m:[0m Table 'test_tag_1787186049598': CREATING → active
[2m2026-08-20T00:34:11.190733Z[0m [32m INFO[0m [2mextenddb_storage_sqlite::workers[0m[2m:[0m Table 'test_tag_1787186050633': CREATING → active
[2m2026-08-20T00:34:12.194723Z[0m [32m INFO[0m [2mextenddb_storage_sqlite::workers[0m[2m:[0m Table 'test_ttl_1787186051771': CREATING → active
[2m2026-08-20T00:34:13.198401Z[0m [32m INFO[0m [2mextenddb_storage_sqlite::workers[0m[2m:[0m Table 'test_ttl_1787186052781': CREATING → active
[2m2026-08-20T00:34:14.202927Z[0m [32m INFO[0m [2mextenddb_storage_sqlite::workers[0m[2m:[0m Table 'test_ttl_1787186053801': CREATING → active
[2m2026-08-20T00:34:15.206506Z[0m [32m INFO[0m [2mextenddb_storage_sqlite::workers[0m[2m:[0m Table 'test_ttl_1787186054825': CREATING → active
[2m2026-08-20T00:34:16.213778Z[0m [32m INFO[0m [2mextenddb_storage_sqlite::workers[0m[2m:[0m Table 'test_unicode_1787186055848': CREATING → active
[2m2026-08-20T00:34:17.217324Z[0m [32m INFO[0m [2mextenddb_storage_sqlite::workers[0m[2m:[0m Table 'test_unicode_1787186056864': CREATING → active
[2m2026-08-20T00:34:18.220375Z[0m [32m INFO[0m [2mextenddb_storage_sqlite::workers[0m[2m:[0m Table 'test_unicode_1787186057880': CREATING → active
[2m2026-08-20T00:34:19.223848Z[0m [32m INFO[0m [2mextenddb_storage_sqlite::workers[0m[2m:[0m Table 'test_unicode_1787186058895': CREATING → active
[2m2026-08-20T00:34:20.227550Z[0m [32m INFO[0m [2mextenddb_storage_sqlite::workers[0m[2m:[0m Table 'test_unicode_1787186059909': CREATING → active
[2m2026-08-20T00:34:21.230610Z[0m [32m INFO[0m [2mextenddb_storage_sqlite::workers[0m[2m:[0m Table 'test_unicode_1787186060929': CREATING → active
[2m2026-08-20T00:34:22.237020Z[0m [32m INFO[0m [2mextenddb_storage_sqlite::workers[0m[2m:[0m Table 'test_unicode_comp_1787186061984': CREATING → active
[2m2026-08-20T00:34:23.240178Z[0m [32m INFO[0m [2mextenddb_storage_sqlite::workers[0m[2m:[0m Table 'test_unicode_1787186062998': CREATING → active
[2m2026-08-20T00:34:25.245011Z[0m [32m INFO[0m [2mextenddb_storage_sqlite::workers[0m[2m:[0m Table 'UtAttrDefsConflict1787186064289': CREATING → active
[2m2026-08-20T00:34:26.248451Z[0m [32m INFO[0m [2mextenddb_storage_sqlite::workers[0m[2m:[0m Table 'UtAttrDefsRemove1787186065313': CREATING → active
[2m2026-08-20T00:34:27.251515Z[0m [32m INFO[0m [2mextenddb_storage_sqlite::workers[0m[2m:[0m Table 'UtAttrDefsSeq1787186066409': CREATING → active
[2m2026-08-20T00:34:28.258002Z[0m [32m INFO[0m [2mextenddb_storage_sqlite::workers[0m[2m:[0m Table 'UtAttrDefsUnused1787186067460': CREATING → active
[2m2026-08-20T00:34:28.821280Z[0m [33m WARN[0m [2mextenddb::audit::settings[0m[2m:[0m settings-set: key=vector_backfill_batch_delay_ms, value=3000
[2m2026-08-20T00:34:29.260892Z[0m [32m INFO[0m [2mextenddb_storage_sqlite::workers[0m[2m:[0m Table 'vec_wire_vi_building_55e243cd527b4c7fa3510961e797398d': CREATING → active
[2m2026-08-20T00:35:04.493277Z[0m [32m INFO[0m [2mextenddb_storage::vector_lifecycle::build[0m[2m:[0m vector index backfill complete [3mindex_name[0m[2m=[0mvidx [3mvectors_indexed[0m[2m=[0m600 [3mvectors_skipped[0m[2m=[0m0
[2m2026-08-20T00:35:04.910001Z[0m [33m WARN[0m [2mextenddb::audit::settings[0m[2m:[0m settings-set: key=vector_backfill_batch_delay_ms, value=0
[2m2026-08-20T00:35:05.917467Z[0m [32m INFO[0m [2mextenddb_storage_sqlite::workers[0m[2m:[0m Table 'vec_wire_vi_hash_required_98e8d85211bb416880613dd043f9bed8': CREATING → active
[2m2026-08-20T00:35:06.918417Z[0m [32m INFO[0m [2mextenddb_storage_sqlite::workers[0m[2m:[0m Table 'vec_wire_vi_hash_omitted_5fb7d33d6cd548f98c11c415832092fe': CREATING → active
[2m2026-08-20T00:35:07.919887Z[0m [32m INFO[0m [2mextenddb_storage_sqlite::workers[0m[2m:[0m Table 'vec_wire_pos_scope_155b9fd7a4da45689316793fe227c89c': CREATING → active
[2m2026-08-20T00:35:08.921081Z[0m [32m INFO[0m [2mextenddb_storage_sqlite::workers[0m[2m:[0m Table 'vec_wire_vtx_invalid_265de7076dde461a97d6c7de76de18dc': CREATING → active
[2m2026-08-20T00:35:09.922979Z[0m [32m INFO[0m [2mextenddb_storage_sqlite::workers[0m[2m:[0m Table 'vec_wire_pos_backfill_4ed6717433134127adc40df984df93ea': CREATING → active
[2m2026-08-20T00:35:10.141557Z[0m [32m INFO[0m [2mextenddb_storage::vector_lifecycle::build[0m[2m:[0m vector index backfill complete [3mindex_name[0m[2m=[0mvidx [3mvectors_indexed[0m[2m=[0m3 [3mvectors_skipped[0m[2m=[0m0
[2m2026-08-20T00:35:10.931798Z[0m [32m INFO[0m [2mextenddb_storage_sqlite::workers[0m[2m:[0m Table 'vec_wire_pos_bf_then_write_ed8c26359fff4eceb9bc4f4c65f28075': CREATING → active
[2m2026-08-20T00:35:11.035743Z[0m [32m INFO[0m [2mextenddb_storage::vector_lifecycle::build[0m[2m:[0m vector index backfill complete [3mindex_name[0m[2m=[0mvidx [3mvectors_indexed[0m[2m=[0m1 [3mvectors_skipped[0m[2m=[0m0
[2m2026-08-20T00:35:11.934831Z[0m [32m INFO[0m [2mextenddb_storage_sqlite::workers[0m[2m:[0m Table 'vec_wire_vsearch_invalid_3cbb899dabc140eebf1c61c022801214': CREATING → active
[2m2026-08-20T00:35:12.936782Z[0m [32m INFO[0m [2mextenddb_storage_sqlite::workers[0m[2m:[0m Table 'vec_wire_vwrite_invalid_5e6f3ef251554b4ba8474ff9ece2dc84': CREATING → active
[2m2026-08-20T00:35:13.940918Z[0m [32m INFO[0m [2mextenddb_storage_sqlite::workers[0m[2m:[0m Table 'vec_wire_pos_novec_f4760a42675d49c6b8c567dd71e8d7bf': CREATING → active
[2m2026-08-20T00:35:14.942508Z[0m [32m INFO[0m [2mextenddb_storage_sqlite::workers[0m[2m:[0m Table 'vec_wire_vi_batch_write_92c3723eeb3c4174a2c037d7f7549f3f': CREATING → active
[2m2026-08-20T00:35:15.943903Z[0m [32m INFO[0m [2mextenddb_storage_sqlite::workers[0m[2m:[0m Table 'vec_wire_pos_move_ac89fb5768104a229391ac2e340a038c': CREATING → active
[2m2026-08-20T00:35:16.945554Z[0m [32m INFO[0m [2mextenddb_storage_sqlite::workers[0m[2m:[0m Table 'vec_wire_pos_idxdel_items_9add22219c87430da6605af175bdbeb8': CREATING → active
[2m2026-08-20T00:35:17.947893Z[0m [32m INFO[0m [2mextenddb_storage_sqlite::workers[0m[2m:[0m Table 'vec_wire_pos_idxdelete_4e497410647d48bbaf7c0ef8699cb6d9': CREATING → active
[2m2026-08-20T00:35:18.949903Z[0m [32m INFO[0m [2mextenddb_storage_sqlite::workers[0m[2m:[0m Table 'vec_wire_pos_remove_39e8f30acffa450496c57701fd8401e2': CREATING → active
[2m2026-08-20T00:35:19.951236Z[0m [32m INFO[0m [2mextenddb_storage_sqlite::workers[0m[2m:[0m Table 'vec_wire_pos_describe_4ddccb32cb82424186aa51b2f29de1a1': CREATING → active
[2m2026-08-20T00:35:20.952594Z[0m [32m INFO[0m [2mextenddb_storage_sqlite::workers[0m[2m:[0m Table 'vec_wire_pos_dot_2538ae7e18e748c1b02f09904aa9d421': CREATING → active
[2m2026-08-20T00:35:21.954923Z[0m [32m INFO[0m [2mextenddb_storage_sqlite::workers[0m[2m:[0m Table 'vec_wire_vi_ine_validate_adacb2be19ff40d29844933ea01e7448': CREATING → active
[2m2026-08-20T00:35:22.956798Z[0m [32m INFO[0m [2mextenddb_storage_sqlite::workers[0m[2m:[0m Table 'vec_wire_keysonly_filter_2e68f03318c747078526d7fc645ae371': CREATING → active
[2m2026-08-20T00:35:23.960925Z[0m [32m INFO[0m [2mextenddb_storage_sqlite::workers[0m[2m:[0m Table 'vec_wire_pos_replace_864c2a6906a04e47877993986e2810b3': CREATING → active
[2m2026-08-20T00:35:24.580918Z[0m [33m WARN[0m [2mextenddb::audit::settings[0m[2m:[0m settings-set: key=vector_backfill_batch_delay_ms, value=3000
[2m2026-08-20T00:35:24.962465Z[0m [32m INFO[0m [2mextenddb_storage_sqlite::workers[0m[2m:[0m Table 'vec_wire_vi_noskip_180a67d178f5492680473e0f3bcb60a2': CREATING → active
[2m2026-08-20T00:36:00.252927Z[0m [32m INFO[0m [2mextenddb_storage::vector_lifecycle::build[0m[2m:[0m vector index backfill complete [3mindex_name[0m[2m=[0mvidx [3mvectors_indexed[0m[2m=[0m600 [3mvectors_skipped[0m[2m=[0m0
[2m2026-08-20T00:36:00.817087Z[0m [33m WARN[0m [2mextenddb::audit::settings[0m[2m:[0m settings-set: key=vector_backfill_batch_delay_ms, value=0
[2m2026-08-20T00:36:01.824922Z[0m [32m INFO[0m [2mextenddb_storage_sqlite::workers[0m[2m:[0m Table 'vec_wire_pos_order_8ce08ca7af6d417688db02ccb19b6538': CREATING → active
[2m2026-08-20T00:36:02.826969Z[0m [32m INFO[0m [2mextenddb_storage_sqlite::workers[0m[2m:[0m Table 'vec_wire_pos_vecf32_944adcfeebcf4c07ab57fc1947395855': CREATING → active
[2m2026-08-20T00:36:03.828872Z[0m [32m INFO[0m [2mextenddb_storage_sqlite::workers[0m[2m:[0m Table 'vec_wire_vcap_shape_1fb074569818454cab07a8a70698c3b8': CREATING → active
[2m2026-08-20T00:36:04.830652Z[0m [32m INFO[0m [2mextenddb_storage_sqlite::workers[0m[2m:[0m Table 'vec_wire_no_count_8b629f978e234847800b640222c08ad1': CREATING → active
[2m2026-08-20T00:36:05.833025Z[0m [32m INFO[0m [2mextenddb_storage_sqlite::workers[0m[2m:[0m Table 'vec_wire_pos_vecproj_08e5652fd0bc4d749a86e74622d5c42b': CREATING → active
[2m2026-08-20T00:36:06.834772Z[0m [32m INFO[0m [2mextenddb_storage_sqlite::workers[0m[2m:[0m Table 'vec_wire_pos_topk_27ee1c83c0714b62b3fef3b77039117b': CREATING → active
[2m2026-08-20T00:36:07.841097Z[0m [32m INFO[0m [2mextenddb_storage_sqlite::workers[0m[2m:[0m Table 'vec_wire_vi_transact_write_dbab8fc074d84913b5c15dc690505fba': CREATING → active
[2m2026-08-20T00:36:08.842387Z[0m [32m INFO[0m [2mextenddb_storage_sqlite::workers[0m[2m:[0m Table 'vec_wire_vi_update_remove_00d2c419b4094ed38b9e9e8f78e8fbc7': CREATING → active
[2m2026-08-20T00:36:09.846171Z[0m [32m INFO[0m [2mextenddb_storage_sqlite::workers[0m[2m:[0m Table 'vec_wire_pos_idx_errs_b284dd51f0bb49f98bce2d0412cf3711': CREATING → active
[2m2026-08-20T00:36:10.847980Z[0m [32m INFO[0m [2mextenddb_storage_sqlite::workers[0m[2m:[0m Table 'vec_wire_vi_five_cb0c60bbd8b0476c9eacea327f66780d': CREATING → active
[2m2026-08-20T00:36:11.852020Z[0m [32m INFO[0m [2mextenddb_storage_sqlite::workers[0m[2m:[0m Table 'vec_wire_vupd-prov-add_cb9e14a427d6452784839db7aeb471ab': CREATING → active
[2m2026-08-20T00:36:12.033473Z[0m [32m INFO[0m [2mextenddb_storage::vector_lifecycle::build[0m[2m:[0m vector index backfill complete [3mindex_name[0m[2m=[0mvidx [3mvectors_indexed[0m[2m=[0m0 [3mvectors_skipped[0m[2m=[0m0
[2m2026-08-20T00:36:12.853742Z[0m [32m INFO[0m [2mextenddb_storage_sqlite::workers[0m[2m:[0m Table 'vec_wire_vupd-keyattr_c998b449c6ba4f7db6bda52e2a21acaf': CREATING → active
[2m2026-08-20T00:36:13.856298Z[0m [32m INFO[0m [2mextenddb_storage_sqlite::workers[0m[2m:[0m Table 'vec_wire_vupd-limit_91a484f0964b4bbd836d0683682592c7': CREATING → active
[2m2026-08-20T00:36:14.857480Z[0m [32m INFO[0m [2mextenddb_storage_sqlite::workers[0m[2m:[0m Table 'vec_wire_vupd-swap_563acf304fb54fd59b5667bfd0f13664': CREATING → active
[2m2026-08-20T00:36:15.265321Z[0m [32m INFO[0m [2mextenddb_storage::vector_lifecycle::build[0m[2m:[0m vector index backfill complete [3mindex_name[0m[2m=[0mvidxNew [3mvectors_indexed[0m[2m=[0m0 [3mvectors_skipped[0m[2m=[0m0
[2m2026-08-20T00:36:15.317401Z[0m [32m INFO[0m [2mextenddb_storage::vector_lifecycle::build[0m[2m:[0m vector index backfill complete [3mindex_name[0m[2m=[0mvidxNewer [3mvectors_indexed[0m[2m=[0m0 [3mvectors_skipped[0m[2m=[0m0
[2m2026-08-20T00:36:15.858117Z[0m [32m INFO[0m [2mextenddb_storage_sqlite::workers[0m[2m:[0m Table 'vec_wire_vupd-billing_25964fe4c499428d97b8a95fc9fa0196': CREATING → active
[2m2026-08-20T00:36:16.859435Z[0m [32m INFO[0m [2mextenddb_storage_sqlite::workers[0m[2m:[0m Table 'vec_wire_vwr_del_71159eae88a54d9eb056763ba2828f0f': CREATING → active
[2m2026-08-20T00:36:17.860717Z[0m [32m INFO[0m [2mextenddb_storage_sqlite::workers[0m[2m:[0m Table 'vec_wire_vwr_novec_dedea945225e45e885de4628050e776e': CREATING → active
[2m2026-08-20T00:36:18.862947Z[0m [32m INFO[0m [2mextenddb_storage_sqlite::workers[0m[2m:[0m Table 'vec_wire_vwr_put_dd4bb5549b434621bf302a065b5fd946': CREATING → active
[2m2026-08-20T00:36:19.866778Z[0m [32m INFO[0m [2mextenddb_storage_sqlite::workers[0m[2m:[0m Table 'vec_wire_vwr_move_d0e81694e89940f799c9848bb0fb5178': CREATING → active
[2m2026-08-20T00:36:20.868628Z[0m [32m INFO[0m [2mextenddb_storage_sqlite::workers[0m[2m:[0m Table 'vec_wire_vwr_total_eff9e7cfcc34443086b022c091c13eb9': CREATING → active
[2m2026-08-20T00:36:21.870565Z[0m [32m INFO[0m [2mextenddb_storage_sqlite::workers[0m[2m:[0m Table 'vec_wire_vwr_same_8f0c0290c8c84fe2bf498da5069bafcc': CREATING → active
[2m2026-08-20T00:36:22.875214Z[0m [32m INFO[0m [2mextenddb_storage_sqlite::workers[0m[2m:[0m Table 'WordingGsi_1787186182035': CREATING → active
[2m2026-08-20T00:36:31.857404Z[0m [32m INFO[0m [2mextenddb_server[0m[2m:[0m Shutdown signal received, draining connections...
[2m2026-08-20T00:36:32.499120Z[0m [32m INFO[0m [2mextenddb_server::serve[0m[2m:[0m 13 background worker(s) drained
